c:\c++\f4seprojects\snapdragon\naf\f4se-plugin\diversebodies\diversebodiesredux\release\processingsafe.obj
c:\c++\f4seprojects\snapdragon\naf\f4se-plugin\diversebodies\diversebodiesredux\release\utility.obj
c:\c++\f4seprojects\snapdragon\naf\f4se-plugin\diversebodies\diversebodiesredux\release\main_dbredux.obj
c:\c++\f4seprojects\snapdragon\naf\f4se-plugin\diversebodies\diversebodiesredux\release\globals.obj
c:\c++\f4seprojects\snapdragon\naf\f4se-plugin\diversebodies\diversebodiesredux\release\hairfilter.obj
c:\c++\f4seprojects\snapdragon\naf\f4se-plugin\diversebodies\diversebodiesredux\release\threadpool.obj
c:\c++\f4seprojects\snapdragon\naf\f4se-plugin\diversebodies\diversebodiesredux\release\diversers_skins.obj
c:\c++\f4seprojects\snapdragon\naf\f4se-plugin\diversebodies\diversebodiesredux\release\pugixml.obj
c:\c++\f4seprojects\snapdragon\naf\f4se-plugin\diversebodies\diversebodiesredux\release\randomgenerator.obj
c:\c++\f4seprojects\snapdragon\naf\f4se-plugin\diversebodies\diversebodiesredux\release\manager.obj
c:\c++\f4seprojects\snapdragon\naf\f4se-plugin\diversebodies\diversebodiesredux\release\diversers_hairs.obj
c:\c++\f4seprojects\snapdragon\naf\f4se-plugin\diversebodies\diversebodiesredux\release\applypresetfromfile.obj
c:\c++\f4seprojects\snapdragon\naf\f4se-plugin\diversebodies\diversebodiesredux\release\conditions.obj
c:\c++\f4seprojects\snapdragon\naf\f4se-plugin\diversebodies\diversebodiesredux\release\hooks.obj
c:\c++\f4seprojects\snapdragon\naf\f4se-plugin\diversebodies\diversebodiesredux\release\manageractorpreset.obj
c:\c++\f4seprojects\snapdragon\naf\f4se-plugin\diversebodies\diversebodiesredux\release\ini.obj
c:\c++\f4seprojects\snapdragon\naf\f4se-plugin\diversebodies\diversebodiesredux\release\diversers_overlays.obj
c:\c++\f4seprojects\snapdragon\naf\f4se-plugin\diversebodies\diversebodiesredux\release\fixedstring.obj
c:\c++\f4seprojects\snapdragon\naf\f4se-plugin\diversebodies\diversebodiesredux\release\diversers_bodymorphs.obj
c:\c++\f4seprojects\snapdragon\naf\f4se-plugin\diversebodies\diversebodiesredux\release\detourxs.obj
c:\c++\f4seprojects\snapdragon\naf\f4se-plugin\diversebodies\diversebodiesredux\release\looksmenuinterfaces.obj
c:\c++\f4seprojects\snapdragon\naf\f4se-plugin\diversebodies\diversebodiesredux\release\vc143.pdb
e:\games\fallout 4\mo2\mods\diversebodiesredux\f4se\plugins\diversebodies.dll
e:\games\fallout 4\mo2\mods\diversebodiesredux\f4se\plugins\diversebodies.pdb
e:\games\fallout 4\mo2\mods\diversebodiesredux\f4se\plugins\diversebodies.lib
e:\games\fallout 4\mo2\mods\diversebodiesredux\f4se\plugins\diversebodies.exp
c:\c++\f4seprojects\snapdragon\naf\f4se-plugin\diversebodies\diversebodiesredux\release\diversebodies.ipdb
c:\c++\f4seprojects\snapdragon\naf\f4se-plugin\diversebodies\diversebodiesredux\release\diversebodies.iobj
c:\c++\f4seprojects\snapdragon\naf\f4se-plugin\diversebodies\diversebodiesredux\release\diversebodies.tlog\cl.command.1.tlog
c:\c++\f4seprojects\snapdragon\naf\f4se-plugin\diversebodies\diversebodiesredux\release\diversebodies.tlog\cl.items.tlog
c:\c++\f4seprojects\snapdragon\naf\f4se-plugin\diversebodies\diversebodiesredux\release\diversebodies.tlog\cl.read.1.tlog
c:\c++\f4seprojects\snapdragon\naf\f4se-plugin\diversebodies\diversebodiesredux\release\diversebodies.tlog\cl.write.1.tlog
c:\c++\f4seprojects\snapdragon\naf\f4se-plugin\diversebodies\diversebodiesredux\release\diversebodies.tlog\link.command.1.tlog
c:\c++\f4seprojects\snapdragon\naf\f4se-plugin\diversebodies\diversebodiesredux\release\diversebodies.tlog\link.read.1.tlog
c:\c++\f4seprojects\snapdragon\naf\f4se-plugin\diversebodies\diversebodiesredux\release\diversebodies.tlog\link.secondary.1.tlog
c:\c++\f4seprojects\snapdragon\naf\f4se-plugin\diversebodies\diversebodiesredux\release\diversebodies.tlog\link.write.1.tlog
